12:38:51 **** Incremental Build of configuration Debug for project final_pro_stm32 ****
make -j12 all 
arm-none-eabi-gcc "../Core/Src/main.c" -mcpu=cortex-m3 -std=gnu11 -g3 -DDEBUG -DUSE_HAL_DRIVER -DSTM32F103xB -c -I../Core/Inc -I../Drivers/STM32F1xx_HAL_Driver/Inc -I../Drivers/STM32F1xx_HAL_Driver/Inc/Legacy -I../Drivers/CMSIS/Device/ST/STM32F1xx/Include -I../Drivers/CMSIS/Include -O0 -ffunction-sections -fdata-sections -Wall -fstack-usage -fcyclomatic-complexity -MMD -MP -MF"Core/Src/main.d" -MT"Core/Src/main.o" --specs=nano.specs -mfloat-abi=soft -mthumb -o "Core/Src/main.o"
../Core/Src/main.c: In function 'convert_int16_to_str':
../Core/Src/main.c:38:9: warning: implicit declaration of function 'sprintf' [-Wimplicit-function-declaration]
   38 |         sprintf(tmp_str, "%6d", i);
      |         ^~~~~~~
../Core/Src/main.c:21:1: note: include '<stdio.h>' or provide a declaration of 'sprintf'
   20 | #include "main.h"
  +++ |+#include <stdio.h>
   21 | 
../Core/Src/main.c:38:9: warning: incompatible implicit declaration of built-in function 'sprintf' [-Wbuiltin-declaration-mismatch]
   38 |         sprintf(tmp_str, "%6d", i);
      |         ^~~~~~~
../Core/Src/main.c:38:9: note: include '<stdio.h>' or provide a declaration of 'sprintf'
../Core/Src/main.c: In function 'main':
../Core/Src/main.c:129:17: warning: incompatible implicit declaration of built-in function 'sprintf' [-Wbuiltin-declaration-mismatch]
  129 |                 sprintf(uartBuffer,
      |                 ^~~~~~~
../Core/Src/main.c:129:17: note: include '<stdio.h>' or provide a declaration of 'sprintf'
../Core/Src/main.c:138:67: warning: implicit declaration of function 'strlen' [-Wimplicit-function-declaration]
  138 |                 HAL_UART_Transmit(&huart2, (uint8_t*) uartBuffer, strlen(uartBuffer),
      |                                                                   ^~~~~~
../Core/Src/main.c:21:1: note: include '<string.h>' or provide a declaration of 'strlen'
   20 | #include "main.h"
  +++ |+#include <string.h>
   21 | 
../Core/Src/main.c:138:67: warning: incompatible implicit declaration of built-in function 'strlen' [-Wbuiltin-declaration-mismatch]
  138 |                 HAL_UART_Transmit(&huart2, (uint8_t*) uartBuffer, strlen(uartBuffer),
      |                                                                   ^~~~~~
../Core/Src/main.c:138:67: note: include '<string.h>' or provide a declaration of 'strlen'
arm-none-eabi-gcc -o "final_pro_stm32.elf" @"objects.list"   -mcpu=cortex-m3 -T"D:\CMUA\Spring 2024\Embedded\final_pro\final_pro_stm32\STM32F103RBTX_FLASH.ld" --specs=nosys.specs -Wl,-Map="final_pro_stm32.map" -Wl,--gc-sections -static --specs=nano.specs -mfloat-abi=soft -mthumb -u _printf_float -u _scanf_float -Wl,--start-group -lc -lm -Wl,--end-group
Finished building target: final_pro_stm32.elf
 
arm-none-eabi-size  final_pro_stm32.elf 
arm-none-eabi-objdump -h -S final_pro_stm32.elf  > "final_pro_stm32.list"
   text	   data	    bss	    dec	    hex	filename
  33144	    476	   2084	  35704	   8b78	final_pro_stm32.elf
Finished building: default.size.stdout
 
Finished building: final_pro_stm32.list
 

12:38:53 Build Finished. 0 errors, 5 warnings. (took 1s.435ms)

